[backblue.gif]
[fade.gif]
[index.html]
[cdn.dominos.co.kr/renewal2018/en/w/css/layout.css]
[cdn.dominos.co.kr/renewal2018/en/w/js/jquery-1.10.1.min.js]
[cdn.dominos.co.kr/renewal2018/en/w/js/selectbox.js]
[cdn.dominos.co.kr/renewal2018/en/w/js/ui.js]
[cdn.dominos.co.kr/renewal2018/en/w/js/jquery.flexslider.js]
[web.dominos.co.kr/resources/js/d2CommonUtil.js]
[web.dominos.co.kr/resources/js/Cookie.js]
[cdn.dominos.co.kr/renewal2018/en/w/img/logo.png]
[web.dominos.co.kr/resources/js/xml2json.js]
[cdn.dominos.co.kr/renewal2018/en/w/img/img_main_banner.png]
[cdn.dominos.co.kr/renewal2018/en/w/img/img_main_banner2.png]
[cdn.dominos.co.kr/renewal2018/en/w/img/list_awards.png]
[cdn.dominos.co.kr/renewal2018/en/w/img/list_awards2.png]
[cdn.dominos.co.kr/renewal2018/en/w/img/list_awards3.png]
[cdn.dominos.co.kr/renewal2018/en/w/img/list_awards5.png]
[cdn.dominos.co.kr/renewal2018/en/w/img/list_awards6.png]
[www.google-analytics.com/analytics.js]
[fs.bizspring.net/fs4/bstrk.1.js]
[fs.bizspring.net/fs4/l4cts.v4.2.js]
[web.dominos.co.kr/main.html]
[wcs.naver.net/wcslog.js]
[cdn.dominos.co.kr/renewal2018/en/w/css/jquery_ui.css]
[cdn.dominos.co.kr/renewal2018/en/w/css/common.css]
[cdn.dominos.co.kr/renewal2018/en/w/css/company.css]
[cdn.dominos.co.kr/renewal2018/en/w/css/main.css]
[cdn.dominos.co.kr/renewal2018/en/w/css/product.css]
[cdn.dominos.co.kr/renewal2018/en/w/css/layout.css]
[web.dominos.co.kr/resources/font/BebasNeue.otf]
[web.dominos.co.kr/resources/font/notokr-regular.eot]
[web.dominos.co.kr/resources/font/notokr-regulard41d.eot]
[web.dominos.co.kr/resources/font/notokr-regular.woff2]
[web.dominos.co.kr/resources/font/notokr-regular.woff]
[web.dominos.co.kr/resources/font/notokr-regular.ttf]
[web.dominos.co.kr/resources/font/notokr-medium.eot]
[web.dominos.co.kr/resources/font/notokr-mediumd41d.eot]
[web.dominos.co.kr/resources/font/notokr-medium.woff2]
[web.dominos.co.kr/resources/font/notokr-medium.woff]
[web.dominos.co.kr/resources/font/notokr-medium.ttf]
[web.dominos.co.kr/resources/font/notokr-bold.eot]
[web.dominos.co.kr/resources/font/notokr-boldd41d.eot]
[web.dominos.co.kr/resources/font/notokr-bold.woff2]
[web.dominos.co.kr/resources/font/notokr-bold.woff]
[web.dominos.co.kr/resources/css/font.css]
[web.dominos.co.kr/resources/font/notokr-bold.ttf]
[web.dominos.co.kr/index.html]
[cdn.dominos.co.kr/renewal2018/w/img/sns_pre.png]
[web.dominos.co.kr/resources/js/jquery1.11.1.js]
[cdn.dominos.co.kr/renewal2018/w/js/jquery.flexslider.js]
[web.dominos.co.kr/resources/js/selectbox.js]
[web.dominos.co.kr/resources/js/d2CommonUtil7ef2.js]
[cdn.dominos.co.kr/renewal2018/w/js/basket_w.js]
[cdn.dominos.co.kr/domino/asset/css/font.css]
[cdn.dominos.co.kr/domino/pc/css/common.css]
[cdn.dominos.co.kr/domino/pc/css/sub.css]
[cdn.dominos.co.kr/domino/asset/js/jquery-3.1.1.min.js]
[cdn.dominos.co.kr/domino/asset/js/slick.js]
[cdn.dominos.co.kr/domino/asset/js/TweenMax.min.js]
[cdn.dominos.co.kr/domino/asset/js/lazyload.js]
[cdn.dominos.co.kr/domino/pc/js/ui.js]
[web.dominos.co.kr/resources/js/gcenmaps/gcenmap.js]
[cdn.dominos.co.kr/renewal2018/w/img/bg/bg_color_navy.png]
[cdn.dominos.co.kr/domino/pc/images/main/main_card4-3.png]
[cdn.dominos.co.kr/domino/pc/images/main/main_card4-1.gif]
[cdn.dominos.co.kr/domino/pc/images/main/main_card4-2.png]
[cdn.dominos.co.kr/renewal2018/w/images/banner-floating_200827.png]
[cdn.dominos.co.kr/admin/upload/banner/20200904_Slfsx2fO.jpg]
[cdn.dominos.co.kr/admin/upload/banner/20200903_nvjASFCu.jpg]
[cdn.dominos.co.kr/admin/upload/banner/20200903_3lXqWruE.jpg]
[cdn.dominos.co.kr/admin/upload/banner/20200904_T7Q0bKTi.jpg]
[cdn.dominos.co.kr/admin/upload/banner/20200903_eecIvH4m.jpg]
[cdn.dominos.co.kr/admin/upload/banner/20200915_9KojbJm6.png]
[cdn.dominos.co.kr/admin/upload/banner/20200828_TFyOXcv3.jpg]
[cdn.dominos.co.kr/domino/pc/images/main/main_card1.png]
[cdn.dominos.co.kr/domino/pc/images/main/main_card2.gif]
[cdn.dominos.co.kr/domino/pc/images/main/main_card3.png]
[cdn.dominos.co.kr/domino/pc/images/main/main_card5.png]
[cdn.dominos.co.kr/admin/upload/banner/20200903_T9pNTwk4.jpg]
[cdn.dominos.co.kr/admin/upload/banner/20200626_9PFh173Q.jpg]
[cdn.dominos.co.kr/admin/upload/banner/20200120_KZ0ikrD9.jpg]
[web.dominos.co.kr/resources/js/member.js]
[www.googleadservices.com/pagead/f.txt]
[cdn.dominos.co.kr/domino/pc/images/list_awards.png]
[cdn.dominos.co.kr/domino/pc/images/list_awards2.png]
[cdn.dominos.co.kr/domino/pc/images/list_awards3.png]
[cdn.dominos.co.kr/domino/pc/images/list_awards4.png]
[cdn.dominos.co.kr/domino/pc/images/list_awards5.png]
[cdn.dominos.co.kr/domino/pc/images/list_awards6.png]
[web.dominos.co.kr/maind6dc.html]
[web.dominos.co.kr/resources/js/common.js]
[cdn.dominos.co.kr/domino/pc/images/bg.gif]
[cdn.dominos.co.kr/renewal2018/w/img/h&hplus.jpg]
[cdn.dominos.co.kr/admin/upload/goods/20200120_ZlC0dSzU.jpg]
[cdn.dominos.co.kr/domino/pc/js/jquery.zoom.min.js]
[web.dominos.co.kr/goods/list985d.html]
[web.dominos.co.kr/goods/list2592.html]
[web.dominos.co.kr/goods/listdadd.html]
[web.dominos.co.kr/goods/liste4db.html]
[web.dominos.co.kr/goods/listc6d6.html]
[web.dominos.co.kr/goods/list9f8b.html]
[cdn.dominos.co.kr/domino/pc/css/as_is.css]
[cdn.dominos.co.kr/renewal2018/w/img/visual_overview.jpg]
[cdn.dominos.co.kr/renewal2018/w/img/lst_vision.png]
[cdn.dominos.co.kr/renewal2018/w/img/lst_vision2.png]
[cdn.dominos.co.kr/renewal2018/w/img/lst_vision3.png]
[cdn.dominos.co.kr/renewal2018/w/img/lst_vision4.png]
[web.dominos.co.kr/company/contents/overview.html]
[cdn.dominos.co.kr/renewal2018/w/img/img_ceo_sign.jpg]
[web.dominos.co.kr/company/contents/ceo.html]
[web.dominos.co.kr/company/contents/international.html]
[cdn.dominos.co.kr/renewal2018/w/img/img_location_map.png]
[web.dominos.co.kr/company/contents/location.html]
[www.googletagmanager.com/gtm5445.html]
[cdn.dominos.co.kr/renewal2018/en/w/css/jquery_ui.css]
[cdn.dominos.co.kr/renewal2018/en/w/img/btn/spr_btn.png]
[cdn.dominos.co.kr/renewal2018/en/w/img/btn/spr_btn3.png]
[cdn.dominos.co.kr/renewal2018/en/w/img/btn/spr_btn2.png]
[cdn.dominos.co.kr/renewal2018/en/w/img/bg/bg_balloon_left.png]
[cdn.dominos.co.kr/renewal2018/en/w/img/bg/bg_balloon_right.png]
[cdn.dominos.co.kr/renewal2018/en/w/img/ico/spr_ico.png]
[cdn.dominos.co.kr/renewal2018/en/w/img/ico/ico_grade.png]
[cdn.dominos.co.kr/renewal2018/en/w/img/bul/bul_balloon_left.png]
[cdn.dominos.co.kr/renewal2018/en/w/img/bul/bul_balloon_right.png]
[cdn.dominos.co.kr/renewal2018/en/w/img/bg/bg_line.png]
[cdn.dominos.co.kr/renewal2018/en/w/img/bg/bg_line2.png]
[cdn.dominos.co.kr/renewal2018/en/w/img/bg/bg_category.png]
[cdn.dominos.co.kr/renewal2018/en/w/img/bg/bg_transparent.png]
[cdn.dominos.co.kr/renewal2018/en/w/img/btn/spr_form.png]
[cdn.dominos.co.kr/renewal2018/en/w/img/bul/bul_line.png]
[cdn.dominos.co.kr/renewal2018/en/w/img/bul/bul_line2.png]
[cdn.dominos.co.kr/renewal2018/en/w/img/bul/bul_line3.png]
[cdn.dominos.co.kr/renewal2018/en/w/img/bul/bul_line4.png]
[cdn.dominos.co.kr/renewal2018/en/w/img/bul/bul_line5.png]
[cdn.dominos.co.kr/renewal2018/en/w/img/bul/bul_line7.png]
[cdn.dominos.co.kr/renewal2018/en/w/img/bul/bul_dot.png]
[cdn.dominos.co.kr/renewal2018/en/w/img/bul/bul_dot2.png]
[cdn.dominos.co.kr/renewal2018/en/w/img/bul/bul_dot3.png]
[cdn.dominos.co.kr/renewal2018/en/w/img/bul/bul_dot4.png]
[cdn.dominos.co.kr/renewal2018/en/w/img/bg/bg_content.png]
[cdn.dominos.co.kr/renewal2018/en/w/img/bg/bg_popup.png]
[cdn.dominos.co.kr/renewal2018/en/w/img/bg/bg_gnb.png]
[cdn.dominos.co.kr/renewal2018/en/w/img/bg/bg_gnb_shadow.png]
[cdn.dominos.co.kr/renewal2018/en/w/img/bul/bul_gnb_dot.png]
[cdn.dominos.co.kr/renewal2018/en/w/img/bul/bul_bar.png]
[cdn.dominos.co.kr/renewal2018/en/w/img/bg/bg_dot_line.png]
[cdn.dominos.co.kr/renewal2018/en/w/img/bg/bg_color_navy.png]
[cdn.dominos.co.kr/renewal2018/en/w/img/bg/bg_dot_line3.png]
[cdn.dominos.co.kr/renewal2018/en/w/css/common.css]
[cdn.dominos.co.kr/renewal2018/en/w/img/bg/bg_dot_repeat.png]
[cdn.dominos.co.kr/renewal2018/en/w/img/lst_international.png]
[cdn.dominos.co.kr/renewal2018/en/w/img/lst_international2.png]
[cdn.dominos.co.kr/renewal2018/en/w/img/lst_international3.png]
[cdn.dominos.co.kr/renewal2018/en/w/img/lst_international4.png]
[cdn.dominos.co.kr/renewal2018/en/w/img/lst_international5.png]
[cdn.dominos.co.kr/renewal2018/en/w/img/img_international_main.png]
[cdn.dominos.co.kr/renewal2018/en/w/css/company.css]
[cdn.dominos.co.kr/renewal2018/en/w/img/img_vision_main.png]
[cdn.dominos.co.kr/renewal2018/en/w/css/main.css]
[cdn.dominos.co.kr/renewal2018/en/w/img/bg/bg_black.png]
[cdn.dominos.co.kr/renewal2018/en/w/img/ico_mark.jpg]
[cdn.dominos.co.kr/renewal2018/en/w/img/img_person.png]
[cdn.dominos.co.kr/renewal2018/en/w/css/product.css]
[cdn.dominos.co.kr/renewal2018/en/w/img/bul/bul_arr_dw2.png]
[cdn.dominos.co.kr/renewal2018/w/css/layout.css]
[cdn.dominos.co.kr/renewal2018/w/img/img_gate_20200919.jpg]
[web.dominos.co.kr/gate.html]
[cdn.dominos.co.kr/domino/asset/css/font.css]
[cdn.dominos.co.kr/domino/pc/images/sp/sp_common.png]
[cdn.dominos.co.kr/domino/pc/images/sp/btn-kakao.png]
[cdn.dominos.co.kr/domino/pc/images/sp/btn-t.png]
[cdn.dominos.co.kr/domino/pc/images/sp/btn-naver.png]
[cdn.dominos.co.kr/domino/pc/images/sp/btn-payco.png]
[cdn.dominos.co.kr/domino/pc/images/sp/btn-apple.png]
[cdn.dominos.co.kr/domino/pc/images/sp/ico-t_v3.png]
[cdn.dominos.co.kr/domino/pc/images/sp/ico-zoomImg.png]
[cdn.dominos.co.kr/domino/pc/images/sp/ico-target.png]
[cdn.dominos.co.kr/domino/pc/images/sp/ico-naver_v2.png]
[cdn.dominos.co.kr/domino/pc/images/sp/ico-payco_v2.png]
[cdn.dominos.co.kr/domino/pc/images/sp/ico-apple_v2.png]
[cdn.dominos.co.kr/domino/pc/images/sp/ico-kakao_v2.png]
[cdn.dominos.co.kr/domino/pc/images/sp/ico-t_v2.png]
[cdn.dominos.co.kr/domino/pc/css/common.css]
[cdn.dominos.co.kr/domino/pc/images/main/main_card1_bg.png]
[cdn.dominos.co.kr/domino/pc/images/main/main_card2_bg.gif]
[cdn.dominos.co.kr/domino/pc/images/menu/pizza_pan.png]
[cdn.dominos.co.kr/domino/pc/images/sp/ico-naver_off.png]
[cdn.dominos.co.kr/domino/pc/images/sp/ico-payco_off.png]
[cdn.dominos.co.kr/domino/pc/images/sp/ico-apple_off.png]
[cdn.dominos.co.kr/domino/pc/images/sp/ico-t_off.png]
[cdn.dominos.co.kr/domino/pc/images/sp/ico-kakao_off.png]
[cdn.dominos.co.kr/domino/pc/images/sp/ico-naver.png]
[cdn.dominos.co.kr/domino/pc/images/sp/ico-payco.png]
[cdn.dominos.co.kr/domino/pc/images/sp/ico-apple.png]
[cdn.dominos.co.kr/domino/pc/images/sp/ico-t.png]
[cdn.dominos.co.kr/domino/pc/images/sp/ico-kakao.png]
[cdn.dominos.co.kr/domino/pc/css/sub.css]
[web.dominos.co.kr/basket/detail.html]
[appleid.cdn-apple.com/appleauth/static/jsapi/appleid/1/en_US/appleid.auth.js]
[web.dominos.co.kr/global/login.html]
[web.dominos.co.kr/global/login7837.html]
[cdn.dominos.co.kr/admin/upload/ecoupon/defaul.jpg]
[web.dominos.co.kr/ecoupon/index.html]
[cdn.dominos.co.kr/domino/pc/images/menu/img_gift_promotion7.jpg]
[cdn.dominos.co.kr/admin/upload/voucher/M/20200904_0XvbuwI1.jpg]
[cdn.dominos.co.kr/admin/upload/voucher/M/voucher_default.jpg]
[cdn.dominos.co.kr/admin/upload/voucher/M/20200602_Ego23Je7.jpg]
[cdn.dominos.co.kr/admin/upload/voucher/M/20200310_7Z4S7IP4.jpg]
[cdn.dominos.co.kr/admin/upload/voucher/M/20200310_P5w7J3ab.jpg]
[cdn.dominos.co.kr/admin/upload/voucher/M/20200310_qPx7TFLm.jpg]
[cdn.dominos.co.kr/admin/upload/voucher/M/20200310_7cgsVLuI.jpg]
[cdn.dominos.co.kr/admin/upload/voucher/M/20200310_Y6hQjw27.jpg]
[cdn.dominos.co.kr/admin/upload/voucher/M/20200310_OVeItp00.jpg]
[cdn.dominos.co.kr/admin/upload/voucher/M/20200310_e9o21XP0.jpg]
[cdn.dominos.co.kr/admin/upload/voucher/M/20200310_MTOsUI63.jpg]
[cdn.dominos.co.kr/admin/upload/voucher/M/20200310_u8Fe4fgV.jpg]
[cdn.dominos.co.kr/admin/upload/voucher/M/20200310_3A2L1Q6d.jpg]
[web.dominos.co.kr/voucher/listdcb9.html]
[web.dominos.co.kr/event/list6849.html]
[cdn.dominos.co.kr/domino/pc/images/ico_spot.png]
[web.dominos.co.kr/branch.html]
[cdn.dominos.co.kr/renewal2018/w/img/mania/img_2-1.jpg]
[cdn.dominos.co.kr/renewal2018/w/img/mania/img_2-2.jpg]
[cdn.dominos.co.kr/renewal2018/w/img/mania/img_2-3.jpg]
[cdn.dominos.co.kr/renewal2018/w/img/mania/img_2-4.jpg]
[cdn.dominos.co.kr/renewal2018/w/img/mania/img_2-5.jpg]
[cdn.dominos.co.kr/renewal2018/w/img/mania/img_3-1.jpg]
[cdn.dominos.co.kr/renewal2018/w/img/mania/img_3-2.jpg]
[cdn.dominos.co.kr/renewal2018/w/img/mania/img_3-3.jpg]
[cdn.dominos.co.kr/renewal2018/w/img/mania/img_4-1.jpg]
[cdn.dominos.co.kr/renewal2018/w/img/mania/img_4-2.jpg]
[cdn.dominos.co.kr/renewal2018/w/img/mania/img_4-3.jpg]
[cdn.dominos.co.kr/renewal2018/w/img/mania/img_5-1.jpg]
[cdn.dominos.co.kr/renewal2018/w/img/mania/img_5-2.jpg]
[cdn.dominos.co.kr/renewal2018/w/img/mania/img_5-3.jpg]
[cdn.dominos.co.kr/renewal2018/w/img/mania/img_6-1.jpg]
[cdn.dominos.co.kr/renewal2018/w/img/mania/img_6-2.jpg]
[web.dominos.co.kr/event/mania.html]
[web.dominos.co.kr/resources/js/jquery-ui.js]
[web.dominos.co.kr/goods/dominosMoment.html]
[cdn.dominos.co.kr/domino/pc/images/quick/quick_howto1.png]
[cdn.dominos.co.kr/domino/pc/images/quick/quick_howto2.png]
[cdn.dominos.co.kr/domino/pc/images/quick/quick_howto3.png]
[cdn.dominos.co.kr/domino/pc/images/quick/quick_howto4.png]
[web.dominos.co.kr/quickOrder/index.html]
[web.dominos.co.kr/order/groupOrder.html]
[web.dominos.co.kr/bbs/faqList12ff.html]
[web.dominos.co.kr/bbs/qnaForm.html]
[cdn.dominos.co.kr/admin/upload/company/20200908_JKc3zK82.jpg]
[cdn.dominos.co.kr/admin/upload/company/20200609_ufj7076h.jpg]
[cdn.dominos.co.kr/admin/upload/company/20200609_O32EIk4K.jpg]
[cdn.dominos.co.kr/admin/upload/company/20200414_CMff5BFw.jpg]
[cdn.dominos.co.kr/admin/upload/company/20200121_EXOGHxlW.jpg]
[cdn.dominos.co.kr/admin/upload/company/20200113_NDOuxu8x.jpg]
[cdn.dominos.co.kr/admin/upload/company/20200113_xi1rt1F9.jpg]
[cdn.dominos.co.kr/admin/upload/company/20190618_5ql2zL7C.jpg]
[cdn.dominos.co.kr/admin/upload/company/20190318_0qk379H4.png]
[web.dominos.co.kr/company/tvcfList.html]
[cdn.dominos.co.kr/renewal2018/w/img/visual_green.png]
[cdn.dominos.co.kr/renewal2018/w/img/img_green_umbrella.png]
[cdn.dominos.co.kr/renewal2018/w/img/img_green_umbrella2.png]
[cdn.dominos.co.kr/renewal2018/w/img/img_green_umbrella3.jpg]
[cdn.dominos.co.kr/renewal2018/w/img/img_green_umbrella4.png]
[cdn.dominos.co.kr/renewal2018/w/img/img_green_umbrella5.png]
[web.dominos.co.kr/company/contents/society.html]
[cdn.dominos.co.kr/renewal2018/w/img/visual_franchisee.png]
[web.dominos.co.kr/company/contents/chainstore1.html]
[cdn.dominos.co.kr/renewal2018/w/img/visual_jop.png]
[cdn.dominos.co.kr/renewal2018/w/img/lst_talented.png]
[cdn.dominos.co.kr/renewal2018/w/img/lst_talented2.png]
[cdn.dominos.co.kr/renewal2018/w/img/lst_talented3.png]
[cdn.dominos.co.kr/renewal2018/w/img/lst_talented4.png]
[cdn.dominos.co.kr/renewal2018/w/img/lst_working.png]
[cdn.dominos.co.kr/renewal2018/w/img/lst_working2.png]
[cdn.dominos.co.kr/renewal2018/w/img/lst_jop_step.png]
[web.dominos.co.kr/company/jobListe3b0.html]
[web.dominos.co.kr/bbs/newsList91ef.html]
[web.dominos.co.kr/bbs/newsList0e42.html]
[web.dominos.co.kr/event/viewHtmladc5.html]
[web.dominos.co.kr/event/viewHtmlb296.html]
[web.dominos.co.kr/event/viewHtmlf757.html]
[cdn.dominos.co.kr/renewal2018/w/event/200904_supermoon/images/img-superMoon_w.jpg]
[web.dominos.co.kr/event/entry/1252.html]
[cdn.dominos.co.kr/renewal2018/w/event/200901_warmpack/images/img-warm_w.jpg]
[web.dominos.co.kr/event/entry/1253.html]
[cdn.dominos.co.kr/renewal2018/w/event/200907_tmap/images/bg_w01.jpg]
[cdn.dominos.co.kr/renewal2018/w/event/200907_tmap/images/bg_w02.jpg]
[cdn.dominos.co.kr/renewal2018/w/event/200907_tmap/images/img-marker.png]
[cdn.dominos.co.kr/renewal2018/w/event/200907_tmap/images/img-wheel.png]
[cdn.dominos.co.kr/renewal2018/w/event/200907_tmap/images/btn-start.png]
[cdn.dominos.co.kr/renewal2018/w/event/200907_tmap/images/bg_w03.jpg]
[web.dominos.co.kr/event/tmapDouble.html]
[web.dominos.co.kr/basket/branch9475.html]
[cdn.dominos.co.kr/renewal2018/w/img/specials_event/event_list624.jpg]
[web.dominos.co.kr/event/view023e.html]
[web.dominos.co.kr/event/viewHtml21cb.html]
[web.dominos.co.kr/event/viewHtmleb5f.html]
[web.dominos.co.kr/global/loginc716.html]
[web.dominos.co.kr/contents/law.html]
[web.dominos.co.kr/contents/privacy.html]
[cdn.dominos.co.kr/renewal2018/w/img/specials_event/img_specials53.jpg]
[web.dominos.co.kr/hotdeal/chocolat.html]
[cdn.dominos.co.kr/admin/upload/goods/20200904_W899SYCD.jpg]
[web.dominos.co.kr/goods/detail7db3.html]
[cdn.dominos.co.kr/admin/upload/goods/20200602_0uirYrYy.jpg]
[web.dominos.co.kr/goods/detaila6c9.html]
[cdn.dominos.co.kr/admin/upload/goods/20200311_RO3e7MvB.jpg]
[web.dominos.co.kr/goods/detailb9a4.html]
[cdn.dominos.co.kr/admin/upload/goods/20200311_oYNIRzcu.jpg]
[web.dominos.co.kr/goods/detailf08a.html]
[cdn.dominos.co.kr/admin/upload/goods/20200508_9n85647d.jpg]
[web.dominos.co.kr/goods/detail17da.html]
[cdn.dominos.co.kr/admin/upload/goods/20200311_Ocjdqmm6.jpg]
[web.dominos.co.kr/goods/detail9568.html]
[cdn.dominos.co.kr/admin/upload/goods/20200508_1fYuDcMq.jpg]
[web.dominos.co.kr/goods/detailf3fa.html]
[cdn.dominos.co.kr/admin/upload/goods/20200508_780B32i8.jpg]
[web.dominos.co.kr/goods/detaild521.html]
[cdn.dominos.co.kr/admin/upload/goods/20200508_Npwbho9y.jpg]
[web.dominos.co.kr/goods/detail7b38.html]
[cdn.dominos.co.kr/domino/pc/images/menu/pizza_half8.png]
[cdn.dominos.co.kr/domino/pc/images/menu/pizza_half7.png]
[cdn.dominos.co.kr/domino/pc/images/menu/pizza_half6.png]
[cdn.dominos.co.kr/admin/upload/goods/20200904_UDneHmM8.jpg]
[cdn.dominos.co.kr/admin/upload/goods/20200429_1Iq6t6Rf.jpg]
[cdn.dominos.co.kr/admin/upload/goods/20200316_3W8R4H4y.jpg]
[cdn.dominos.co.kr/admin/upload/goods/20200316_fBQi689q.jpg]
[cdn.dominos.co.kr/admin/upload/goods/20200605_l24qhCGi.jpg]
[cdn.dominos.co.kr/admin/upload/goods/20200316_oK536isq.jpg]
[cdn.dominos.co.kr/admin/upload/goods/20200316_4VvkTEI3.jpg]
[cdn.dominos.co.kr/admin/upload/goods/20200316_fLidgy69.jpg]
[cdn.dominos.co.kr/admin/upload/goods/20200316_9wMvHQcZ.jpg]
[cdn.dominos.co.kr/admin/upload/goods/20200316_Ci7PNSUV.jpg]
[cdn.dominos.co.kr/admin/upload/goods/20200316_oi9xdc8U.jpg]
[cdn.dominos.co.kr/admin/upload/goods/20200316_AqBJeq2s.jpg]
[web.dominos.co.kr/goods/hnh.html]
[web.dominos.co.kr/goods/detail4f8a.html]
[web.dominos.co.kr/goods/detailba25.html]
[web.dominos.co.kr/goods/detailb649.html]
[web.dominos.co.kr/goods/detailc13e.html]
[web.dominos.co.kr/goods/detailffd8.html]
[web.dominos.co.kr/goods/detailb0eb.html]
[web.dominos.co.kr/goods/detail49b4.html]
[web.dominos.co.kr/goods/detail865f.html]
[web.dominos.co.kr/goods/detail5d84.html]
[web.dominos.co.kr/goods/detailfc59.html]
[web.dominos.co.kr/goods/detail79e5.html]
[web.dominos.co.kr/goods/detail3932.html]
[web.dominos.co.kr/goods/detail94a4.html]
[web.dominos.co.kr/goods/detaila0b4.html]
[web.dominos.co.kr/goods/detaildc33.html]
[web.dominos.co.kr/goods/detail4243.html]
[web.dominos.co.kr/goods/detaildedf.html]
[web.dominos.co.kr/goods/detail317a.html]
[cdn.dominos.co.kr/admin/upload/goods/20200916_8TQijog8.jpg]
[web.dominos.co.kr/goods/detaile183.html]
[cdn.dominos.co.kr/admin/upload/goods/20200916_5SN153v1.jpg]
[web.dominos.co.kr/goods/detail536a.html]
[cdn.dominos.co.kr/admin/upload/goods/20200309_4B2n58F2.jpg]
[web.dominos.co.kr/goods/detail450d.html]
[cdn.dominos.co.kr/admin/upload/goods/20200309_nmVfiWLp.jpg]
[web.dominos.co.kr/goods/detaila1a2.html]
[cdn.dominos.co.kr/admin/upload/goods/20200605_L30bj8rz.jpg]
[web.dominos.co.kr/goods/detail0999.html]
[cdn.dominos.co.kr/admin/upload/goods/20200309_nwnlf8dv.jpg]
[web.dominos.co.kr/goods/detail579b.html]
[cdn.dominos.co.kr/admin/upload/goods/20200309_7i4U7Hc7.jpg]
[web.dominos.co.kr/goods/detail6f4d.html]
[cdn.dominos.co.kr/admin/upload/goods/20200309_OYc15o87.jpg]
[web.dominos.co.kr/goods/detail852f.html]
[cdn.dominos.co.kr/admin/upload/goods/20200309_e7u3F42y.jpg]
[web.dominos.co.kr/goods/detail5395.html]
[cdn.dominos.co.kr/admin/upload/goods/20200309_2yfnnwuk.jpg]
[web.dominos.co.kr/goods/detailfc4f.html]
[cdn.dominos.co.kr/admin/upload/goods/20200309_Z7RyBpr3.jpg]
[web.dominos.co.kr/goods/detail506a.html]
[cdn.dominos.co.kr/admin/upload/goods/20200309_E1hyl5yq.jpg]
[web.dominos.co.kr/goods/detail9933.html]
[cdn.dominos.co.kr/renewal2018/w/img/ico/spr_ico.png]
[cdn.dominos.co.kr/renewal2018/w/img/bg/bg_dot_line3.png]
[cdn.dominos.co.kr/renewal2018/w/img/img_special_bg.png]
[cdn.dominos.co.kr/renewal2018/w/img/bg/bg_dot_repeat.png]
[cdn.dominos.co.kr/renewal2018/w/img/img_vision_main.png]
[cdn.dominos.co.kr/renewal2018/w/img/lst_international.png]
[cdn.dominos.co.kr/renewal2018/w/img/lst_international2.png]
[cdn.dominos.co.kr/renewal2018/w/img/lst_international3.png]
[cdn.dominos.co.kr/renewal2018/w/img/lst_international4.png]
[cdn.dominos.co.kr/renewal2018/w/img/lst_international5.png]
[cdn.dominos.co.kr/renewal2018/w/img/img_international_main.jpg]
[cdn.dominos.co.kr/renewal2018/w/img/bg/bg_dot_line4.png]
[cdn.dominos.co.kr/renewal2018/w/img/bg/bg_dot_line5.png]
[cdn.dominos.co.kr/renewal2018/w/img/spr_franchisee.png]
[cdn.dominos.co.kr/renewal2018/w/img/bg/bg_dot_line.png]
[cdn.dominos.co.kr/renewal2018/w/img/bul/bul_dot.png]
[cdn.dominos.co.kr/renewal2018/w/img/bul/bul_arr_lft.png]
[cdn.dominos.co.kr/renewal2018/w/img/sp_recruitment.png]
[cdn.dominos.co.kr/renewal2018/w/img/lst_rank_bg.png]
[cdn.dominos.co.kr/renewal2018/w/img/lst_jop_step_bg.png]
[cdn.dominos.co.kr/renewal2018/w/img/lst_jop_step_bg2.png]
[cdn.dominos.co.kr/domino/pc/css/as_is.css]
[cdn.dominos.co.kr/renewal2018/en/w/img/btn_cal_prev.html]
[cdn.dominos.co.kr/renewal2018/en/w/img/btn_cal_next.html]
[cdn.dominos.co.kr/renewal2018/en/w/img/sp_ico.html]
[cdn.dominos.co.kr/renewal2018/en/w/img/img_speech_bubble.html]
[cdn.dominos.co.kr/renewal2018/en/w/img/img_speech_bubble2.html]
[cdn.dominos.co.kr/renewal2018/en/w/img/btn/spr_btns.html]
[cdn.dominos.co.kr/renewal2018/w/css/common.css]
[cdn.dominos.co.kr/renewal2018/w/css/company.css]
[cdn.dominos.co.kr/renewal2018/w/css/event.css]
[cdn.dominos.co.kr/renewal2018/w/css/specials.css]
[cdn.dominos.co.kr/renewal2018/w/css/footer.css]
[cdn.dominos.co.kr/renewal2018/w/css/main.css]
[cdn.dominos.co.kr/renewal2018/w/css/mypage.css]
[cdn.dominos.co.kr/renewal2018/w/css/product.css]
[cdn.dominos.co.kr/renewal2018/w/css/quick.css]
[cdn.dominos.co.kr/renewal2018/w/css/store.css]
[cdn.dominos.co.kr/renewal2018/w/css/util.css]
[cdn.dominos.co.kr/renewal2018/w/css/cart_payment.css]
[cdn.dominos.co.kr/renewal2018/w/css/open_voise.css]
[cdn.dominos.co.kr/renewal2018/w/css/layout.css]
[web.dominos.co.kr/css/layout.html]
[web.dominos.co.kr/event/viewHtml5a77.html]
[web.dominos.co.kr/goods/list1829.html]
[web.dominos.co.kr/event/mania4ab4.html]
[web.dominos.co.kr/member/findIdPw.html]
[web.dominos.co.kr/member/regStepPayCo.html]
[web.dominos.co.kr/member/regStep1.html]
[web.dominos.co.kr/member/regStepNaver.html]
[web.dominos.co.kr/member/regStepSktId.html]
[web.dominos.co.kr/global/login303b.html]
[cdn.dominos.co.kr/domino/pc/images/menu/img_gift_promotion4.jpg]
[cdn.dominos.co.kr/admin/upload/voucher/J/20200904_qu1DRc0Q.jpg]
[cdn.dominos.co.kr/admin/upload/voucher/J/voucher_default.jpg]
[cdn.dominos.co.kr/admin/upload/voucher/J/20200602_jW8xtLv7.jpg]
[cdn.dominos.co.kr/admin/upload/voucher/J/20200310_bP4NA87r.jpg]
[cdn.dominos.co.kr/admin/upload/voucher/J/20200310_qR256ABK.jpg]
[cdn.dominos.co.kr/admin/upload/voucher/J/20200310_v0jtK0aG.jpg]
[cdn.dominos.co.kr/admin/upload/voucher/J/20200310_Op50On0T.jpg]
[cdn.dominos.co.kr/admin/upload/voucher/J/20200827_O0E4t26c.jpg]
[cdn.dominos.co.kr/admin/upload/voucher/J/20200310_jYVpRyAj.jpg]
[web.dominos.co.kr/voucher/list7f25.html]
[cdn.dominos.co.kr/domino/pc/images/howto_gift.jpg]
[web.dominos.co.kr/ecoupon/giftCard.html]
[cdn.dominos.co.kr/admin/upload/event/20200902_IXELX7Rz.jpg]
[cdn.dominos.co.kr/admin/upload/event/20200831_kFlx5O9X.jpg]
[cdn.dominos.co.kr/admin/upload/event/20200810_nbco9wSl.jpg]
[cdn.dominos.co.kr/admin/upload/event/20200826_rXC7p11P.jpg]
[cdn.dominos.co.kr/admin/upload/event/20200331_SqF549qO.jpg]
[cdn.dominos.co.kr/admin/upload/event/20200120_Ltss5QPX.jpg]
[web.dominos.co.kr/event/liste269.html]
[cdn.dominos.co.kr/renewal2018/w/img/img_membership01.png]
[cdn.dominos.co.kr/renewal2018/w/img/img_membership02_2.png]
[cdn.dominos.co.kr/renewal2018/w/img/img_membership03.png]
[cdn.dominos.co.kr/renewal2018/w/img/img_membership04.png]
[cdn.dominos.co.kr/renewal2018/w/img/img_membership06.png]
[cdn.dominos.co.kr/renewal2018/w/img/img_membership07.png]
[cdn.dominos.co.kr/renewal2018/w/img/img_creditcard01.png]
[cdn.dominos.co.kr/renewal2018/w/img/img_creditcard02.png]
[cdn.dominos.co.kr/renewal2018/w/img/img_creditcard03.png]
[cdn.dominos.co.kr/renewal2018/w/img/img_creditcard04.png]
[cdn.dominos.co.kr/renewal2018/w/img/img_creditcard05.png]
[cdn.dominos.co.kr/renewal2018/w/img/img_creditcard07.png]
[cdn.dominos.co.kr/renewal2018/w/img/img_creditcard08.png]
[cdn.dominos.co.kr/renewal2018/w/images/img_card_sk.png]
[cdn.dominos.co.kr/renewal2018/w/img/img_membership02.png]
[cdn.dominos.co.kr/renewal2018/w/img/img_creditcard09.png]
[web.dominos.co.kr/event/discount.html]
[dmap.gcen.co.kr/donline/tile.html]
[web.dominos.co.kr/resources/images/datepiker/ui-bg_glass_65_ffffff_1x400.png]
[web.dominos.co.kr/resources/images/datepiker/ui-icons_222222_256x240.png]
[web.dominos.co.kr/resources/css/jquery-ui.css]
[web.dominos.co.kr/global/login58c0.html]
[web.dominos.co.kr/global/loginefad.html]
[web.dominos.co.kr/quickOrder/detail.html]
[web.dominos.co.kr/goods/groupOrderService.html]
[web.dominos.co.kr/bbs/faqList.html]
[web.dominos.co.kr/bbs/faqList58de.html]
[web.dominos.co.kr/bbs/faqList8db7.html]
[web.dominos.co.kr/bbs/faqListbd55.html]
[web.dominos.co.kr/bbs/faqList24b4.html]
[web.dominos.co.kr/bbs/faqListb8bc.html]
[web.dominos.co.kr/bbs/faqList3787.html]
[web.dominos.co.kr/bbs/faqList7d08.html]
[cdn.dominos.co.kr/admin/upload/company/20200908_cijEaK7d.jpg]
[cdn.dominos.co.kr/admin/upload/company/20200609_irHe8jhb.jpg]
[cdn.dominos.co.kr/admin/upload/company/20200609_Hst9SnzY.jpg]
[cdn.dominos.co.kr/admin/upload/company/20200414_zN2dQr5T.jpg]
[cdn.dominos.co.kr/admin/upload/company/20200121_633LMTKC.jpg]
[cdn.dominos.co.kr/admin/upload/company/20200113_d644zrW7.jpg]
[cdn.dominos.co.kr/admin/upload/company/20200113_Q1Q68lkO.jpg]
[cdn.dominos.co.kr/admin/upload/company/20200113_irb3ZYlH.jpg]
[web.dominos.co.kr/company/printList.html]
[cdn.dominos.co.kr/renewal2018/w/img/200826_wz.jpg]
[web.dominos.co.kr/company/magazineList.html]
[cdn.dominos.co.kr/renewal2018/w/img/img_hope_campaign.png]
[web.dominos.co.kr/company/societyList0a12.html]
[cdn.dominos.co.kr/renewal2016/ko/w/img/img_hope_funds_202002.jpg]
[cdn.dominos.co.kr/renewal2018/w/img/img_party_car.png]
[cdn.dominos.co.kr/renewal2016/ko/w/img/party_car_2019_12.jpg]
[web.dominos.co.kr/company/societyList83db.html]
[cdn.dominos.co.kr/renewal2018/w/img/img_year20_program.png]
[cdn.dominos.co.kr/renewal2016/ko/w/img/lst_year20_01.jpg]
[cdn.dominos.co.kr/renewal2016/ko/w/img/lst_year20_02.jpg]
[cdn.dominos.co.kr/renewal2016/ko/w/img/lst_year20_03.jpg]
[cdn.dominos.co.kr/renewal2016/ko/w/img/lst_year20_04.jpg]
[cdn.dominos.co.kr/renewal2016/ko/w/img/lst_year20_05.jpg]
[cdn.dominos.co.kr/renewal2016/ko/w/img/lst_year20_06.jpg]
[cdn.dominos.co.kr/renewal2016/ko/w/img/lst_year20_07.jpg]
[cdn.dominos.co.kr/renewal2016/ko/w/img/lst_year20_08.jpg]
[cdn.dominos.co.kr/renewal2016/ko/w/img/lst_year20_09.jpg]
[cdn.dominos.co.kr/renewal2016/ko/w/img/lst_year20_10.jpg]
[cdn.dominos.co.kr/renewal2016/ko/w/img/lst_year20_11.jpg]
[cdn.dominos.co.kr/renewal2016/ko/w/img/lst_year20_12.jpg]
[cdn.dominos.co.kr/renewal2016/ko/w/img/lst_year20_13.jpg]
[cdn.dominos.co.kr/renewal2016/ko/w/img/lst_year20_14.jpg]
[cdn.dominos.co.kr/renewal2016/ko/w/img/lst_year20_15.jpg]
[cdn.dominos.co.kr/renewal2016/ko/w/img/lst_year20_16.jpg]
[cdn.dominos.co.kr/renewal2016/ko/w/img/lst_year20_17.jpg]
[web.dominos.co.kr/company/societyListb20a.html]
[cdn.dominos.co.kr/renewal2018/w/img/img_little.png]
[web.dominos.co.kr/company/societyList1a4e.html]
[cdn.dominos.co.kr/renewal2016/ko/w/img/baseball_2019.jpg]
[web.dominos.co.kr/company/contents/chainstore2.html]
[web.dominos.co.kr/company/contents/chainstore3.html]
[web.dominos.co.kr/company/contents/chainstore4.html]
[web.dominos.co.kr/company/contents/chainstore5.html]
[cdn.dominos.co.kr/renewal2018/w/img/visual_jop2.png]
[cdn.dominos.co.kr/renewal2018/w/img/1_recruit_0325.jpg]
[cdn.dominos.co.kr/renewal2018/w/img/2_recruit_0325.jpg]
[cdn.dominos.co.kr/renewal2018/w/img/3_recruit_0325.jpg]
[web.dominos.co.kr/company/contents/job5.html]
[cdn.dominos.co.kr/admin/upload/goods/home20200702.jpg]
[cdn.dominos.co.kr/admin/upload/goods/home20200702_plus.jpg]
[web.dominos.co.kr/hotdeal/specialSet2.html]
[web.dominos.co.kr/member/userinfoConfirm.html]
[web.dominos.co.kr/global/login30f6.html]
[web.dominos.co.kr/global/loginc280.html]
[web.dominos.co.kr/event/list57bb.html]
[cdn.dominos.co.kr/admin/upload/goods/20200904_5I7geMZ2.jpg]
[web.dominos.co.kr/goods/detail59ce.html]
[web.dominos.co.kr/goods/list747f.html]
[cdn.dominos.co.kr/renewal2018/w/img/specials_event/img_specials15.png]
[web.dominos.co.kr/hotdeal/opochocolat.html]
[cdn.dominos.co.kr/admin/upload/goods/20200603_07J0vc4Y.jpg]
[web.dominos.co.kr/goods/detail14e4.html]
[web.dominos.co.kr/goods/listba92.html]
[cdn.dominos.co.kr/admin/upload/goods/20200311_8VOg2VRb.jpg]
[web.dominos.co.kr/goods/detail4921.html]
[web.dominos.co.kr/goods/list8df9.html]
[web.dominos.co.kr/goods/list128f.html]
[web.dominos.co.kr/goods/listc6e9.html]
[cdn.dominos.co.kr/admin/upload/goods/20200311_3LUvX75c.jpg]
[web.dominos.co.kr/goods/detail1a83.html]
[web.dominos.co.kr/goods/list9802.html]
[cdn.dominos.co.kr/admin/upload/goods/20200508_EZNfFzN6.jpg]
[web.dominos.co.kr/goods/detail1d14.html]
[web.dominos.co.kr/goods/listd2f8.html]
[cdn.dominos.co.kr/admin/upload/goods/20200311_G41M1d7W.jpg]
[web.dominos.co.kr/goods/detail5063.html]
[web.dominos.co.kr/goods/list5b48.html]
[cdn.dominos.co.kr/admin/upload/goods/20200508_pJZJ0UZt.jpg]
[web.dominos.co.kr/goods/detaild99d.html]
[web.dominos.co.kr/goods/list14d1.html]
[cdn.dominos.co.kr/admin/upload/event/20200903_Y5L08I1d.jpg]
[web.dominos.co.kr/event/hotdealList.html]
[cdn.dominos.co.kr/admin/upload/event/20200903_071yaoV1.jpg]
[cdn.dominos.co.kr/admin/upload/goods/mykitchen_Main.jpg]
[web.dominos.co.kr/goods/mykitchen.html]
[cdn.dominos.co.kr/admin/upload/goods/mykitchen_Twotopping_Main.jpg]
[cdn.dominos.co.kr/admin/upload/topping/RTP881.jpg]
[cdn.dominos.co.kr/admin/upload/topping/topping_default.jpg]
[cdn.dominos.co.kr/admin/upload/topping/RTP882.jpg]
[cdn.dominos.co.kr/admin/upload/topping/RTP884.jpg]
[cdn.dominos.co.kr/admin/upload/topping/RTP883.jpg]
[cdn.dominos.co.kr/admin/upload/topping/RTP885.jpg]
[cdn.dominos.co.kr/admin/upload/topping/RTP886.jpg]
[cdn.dominos.co.kr/admin/upload/topping/RTP887.jpg]
[cdn.dominos.co.kr/admin/upload/topping/RTP888.jpg]
[cdn.dominos.co.kr/admin/upload/topping/RTP889.jpg]
[cdn.dominos.co.kr/admin/upload/topping/RTP890.jpg]
[cdn.dominos.co.kr/admin/upload/topping/RTP891.jpg]
[web.dominos.co.kr/goods/twoTopping.html]
[cdn.dominos.co.kr/admin/upload/goods/20200731_5FKVPspN.jpg]
[web.dominos.co.kr/goods/detail2289.html]
[cdn.dominos.co.kr/admin/upload/goods/20200702_5swU3I77.jpg]
[web.dominos.co.kr/goods/detail3eca.html]
[cdn.dominos.co.kr/admin/upload/goods/20200508_Fv3vO7zP.jpg]
[web.dominos.co.kr/goods/detail915c.html]
[web.dominos.co.kr/goods/list33e7.html]
[web.dominos.co.kr/goods/list1e14.html]
[web.dominos.co.kr/goods/list55a1.html]
[web.dominos.co.kr/goods/list0648.html]
[web.dominos.co.kr/goods/list2985.html]
[web.dominos.co.kr/goods/list8912.html]
[web.dominos.co.kr/goods/list0f20.html]
[web.dominos.co.kr/goods/list051e.html]
[web.dominos.co.kr/goods/listfc4b.html]
[web.dominos.co.kr/goods/list3601.html]
[web.dominos.co.kr/goods/list9be7.html]
[web.dominos.co.kr/goods/liste167.html]
[fonts.googleapis.com/earlyaccess/notosanskr.css]
[cdn.dominos.co.kr/renewal2018/w/css/jquery_ui.css]
[cdn.dominos.co.kr/renewal2018/w/img/btn/spr_btn.png]
[cdn.dominos.co.kr/renewal2018/w/img/btn/spr_btn2.png]
[cdn.dominos.co.kr/renewal2018/w/img/bg/bg_balloon_left.png]
[cdn.dominos.co.kr/renewal2018/w/img/bg/bg_balloon_right.png]
[cdn.dominos.co.kr/renewal2018/w/img/ico/ic_marker2.png]
[cdn.dominos.co.kr/renewal2018/w/img/ico/ico_grade.png]
[cdn.dominos.co.kr/renewal2018/w/img/img_speech_bubble.png]
[cdn.dominos.co.kr/renewal2018/w/img/img_speech_bubble2.png]
[cdn.dominos.co.kr/renewal2018/w/img/bul/bul_balloon_left.png]
[cdn.dominos.co.kr/renewal2018/w/img/bul/bul_balloon_right.png]
[cdn.dominos.co.kr/renewal2018/w/img/bg/bg_line.png]
[cdn.dominos.co.kr/renewal2018/w/img/bg/bg_line2.png]
[cdn.dominos.co.kr/renewal2018/w/img/bg/bg_category.png]
[cdn.dominos.co.kr/renewal2018/w/img/bg/bg_category2.png]
[cdn.dominos.co.kr/renewal2018/w/img/bg/bg_transparent.png]
[cdn.dominos.co.kr/renewal2018/w/img/btn/spr_form.png]
[cdn.dominos.co.kr/renewal2018/w/img/bul/bul_line.png]
[cdn.dominos.co.kr/renewal2018/w/img/bul/bul_line2.png]
[cdn.dominos.co.kr/renewal2018/w/img/bul/bul_line3.png]
[cdn.dominos.co.kr/renewal2018/w/img/bul/bul_line4.png]
[cdn.dominos.co.kr/renewal2018/w/img/bul/bul_line5.png]
[cdn.dominos.co.kr/renewal2018/w/img/bul/bul_line7.png]
[cdn.dominos.co.kr/renewal2018/w/img/bul/bul_dot2.png]
[cdn.dominos.co.kr/renewal2018/w/img/bul/bul_dot3.png]
[cdn.dominos.co.kr/renewal2018/w/img/bul/bul_dot4.png]
[cdn.dominos.co.kr/renewal2018/w/img/bg/bg_popup.png]
[cdn.dominos.co.kr/renewal2018/w/img/img_quick.png]
[cdn.dominos.co.kr/renewal2018/w/img/img_quick_over.png]
[cdn.dominos.co.kr/renewal2018/w/img/img_quick_02.png]
[cdn.dominos.co.kr/renewal2018/w/img/img_quick_03.png]
[cdn.dominos.co.kr/renewal2016/ko/w/img/img_quick_order.png]
[cdn.dominos.co.kr/renewal2016/ko/w/img/img_quick_order2.png]
[cdn.dominos.co.kr/renewal2016/ko/w/img/img_quick_order3.png]
[cdn.dominos.co.kr/renewal2018/w/img/bul/bul_bar.png]
[cdn.dominos.co.kr/renewal2018/w/img/bg/bg_topping.png]
[cdn.dominos.co.kr/renewal2018/w/img/img_gift_bnr.png]
[cdn.dominos.co.kr/renewal2018/w/img/img_gift_bnr_active.png]
[cdn.dominos.co.kr/renewal2018/w/img/img_speech_bubble4.png]
[cdn.dominos.co.kr/renewal2018/w/img/bul/bul_balloon_left2.png]
[cdn.dominos.co.kr/renewal2018/w/img/ico_facebook.jpg]
[cdn.dominos.co.kr/renewal2018/w/img/bul/bul_arr_dw.png]
[cdn.dominos.co.kr/renewal2018/w/img/ico/ico_store_nul.png]
[cdn.dominos.co.kr/renewal2018/w/img/txt_story.png]
[cdn.dominos.co.kr/renewal2018/w/img/txt_story2.png]
[cdn.dominos.co.kr/renewal2018/w/img/bg/bg_roulette_new.jpg]
[cdn.dominos.co.kr/renewal2018/w/img/btn_wrap_game_start_new.png]
[cdn.dominos.co.kr/renewal2018/w/img/bg/bg_popup_roulette_new.png]
[cdn.dominos.co.kr/renewal2018/w/img/mainBg.jpg]
[cdn.dominos.co.kr/renewal2018/w/img/ico/spr_ico2.png]
[cdn.dominos.co.kr/renewal2018/w/img/btn_share.png]
[cdn.dominos.co.kr/renewal2018/w/img/btn_fb_ico.png]
[cdn.dominos.co.kr/renewal2018/w/img/payco_logo_r.png]
[cdn.dominos.co.kr/renewal2018/w/img/payco_logo_w.png]
[cdn.dominos.co.kr/renewal2018/w/img/naver_logo_g.png]
[cdn.dominos.co.kr/renewal2018/w/img/naver_logo_w.png]
[cdn.dominos.co.kr/renewal2018/w/img/ico/Drive_pickup_car.png]
[cdn.dominos.co.kr/renewal2018/w/css/common.css]
[cdn.dominos.co.kr/renewal2018/w/css/company.css]
[cdn.dominos.co.kr/renewal2018/w/img/img_mykitchen_visual.png]
[cdn.dominos.co.kr/renewal2018/w/img/img_half_visual.png]
[cdn.dominos.co.kr/renewal2018/w/img/mykitchen_obj.png]
[cdn.dominos.co.kr/renewal2018/w/img/bul/title_bottom.png]
[cdn.dominos.co.kr/renewal2018/w/img/bg/bg_giftbox.png]
[cdn.dominos.co.kr/renewal2018/w/img/gift_sub_title.png]
[cdn.dominos.co.kr/renewal2018/w/img/bul/bul_line6.png]
[cdn.dominos.co.kr/renewal2018/w/img/ico/spr_ico3.png]
[cdn.dominos.co.kr/renewal2018/w/img/ico/spr_ico4.png]
[cdn.dominos.co.kr/renewal2018/w/img/bg/bg_event_ico.png]
[cdn.dominos.co.kr/renewal2018/w/img/bg/bg_event_ico2.png]
[cdn.dominos.co.kr/renewal2018/w/img/img_onlinesurvey.png]
[cdn.dominos.co.kr/renewal2018/w/img/img_mobile_sale.png]
[cdn.dominos.co.kr/renewal2018/w/css/event.css]
[cdn.dominos.co.kr/renewal2018/w/img/btn/spr_form2.png]
[cdn.dominos.co.kr/renewal2018/w/img/img_chat.gif]
[cdn.dominos.co.kr/renewal2018/w/css/specials.css]
[cdn.dominos.co.kr/renewal2018/w/img/btn_chat.gif]
[cdn.dominos.co.kr/renewal2018/w/css/footer.css]
[cdn.dominos.co.kr/renewal2018/w/img/img_tracker.png]
[cdn.dominos.co.kr/renewal2018/w/img/img_list_tracker.png]
[cdn.dominos.co.kr/renewal2018/w/img/img_list_tracker_gps.gif]
[cdn.dominos.co.kr/renewal2018/w/img/img_pizza_brand.png]
[cdn.dominos.co.kr/renewal2018/w/css/main.css]
[cdn.dominos.co.kr/renewal2018/w/img/img_btm_pizza_brand.png]
[cdn.dominos.co.kr/renewal2018/w/img/ico/Drive_pickup_car3.png]
[cdn.dominos.co.kr/renewal2018/w/img/ico/ico_receipt_end.png]
[cdn.dominos.co.kr/renewal2018/w/img/ico/ico_cooking.png]
[cdn.dominos.co.kr/renewal2018/w/img/ico/ico_shipping.png]
[cdn.dominos.co.kr/renewal2018/w/img/ico/ico_ship_end.png]
[cdn.dominos.co.kr/renewal2018/w/img/ico/ico_shipping.gif]
[cdn.dominos.co.kr/renewal2018/w/img/bg/bg_balloon_leftbottom.png]
[cdn.dominos.co.kr/renewal2018/w/img/img_sns.png]
[cdn.dominos.co.kr/renewal2018/w/img/mania_intro.png]
[cdn.dominos.co.kr/renewal2016/ko/w/img/btn/gift.jpg]
[cdn.dominos.co.kr/renewal2018/w/img/bg/bg_grade_regular.png]
[cdn.dominos.co.kr/renewal2018/w/img/bg/bg_grade_premium.png]
[cdn.dominos.co.kr/renewal2018/w/img/bg/bg_grade_vip.png]
[cdn.dominos.co.kr/renewal2018/w/img/bg/bg_grade_royal.png]
[cdn.dominos.co.kr/renewal2018/w/css/mypage.css]
[cdn.dominos.co.kr/renewal2018/w/img/bg/bg_black.png]
[cdn.dominos.co.kr/renewal2018/w/img/ico_mark.jpg]
[cdn.dominos.co.kr/renewal2018/w/img/bg/bg_dot_line2.png]
[cdn.dominos.co.kr/renewal2018/w/img/img_single_pizza.png]
[cdn.dominos.co.kr/renewal2018/w/img/ico/icon_cart.png]
[cdn.dominos.co.kr/renewal2018/w/img/ico/icon_pizza.png]
[cdn.dominos.co.kr/renewal2018/w/img/ico/icon_sidedish.png]
[cdn.dominos.co.kr/renewal2018/w/img/ico/icon_drink.png]
[cdn.dominos.co.kr/renewal2018/w/img/ico/icon_arrow.png]
[cdn.dominos.co.kr/renewal2018/w/css/product.css]
[cdn.dominos.co.kr/renewal2018/w/img/ico/icon_up2.png]
[cdn.dominos.co.kr/renewal2018/w/css/quick.css]
[cdn.dominos.co.kr/renewal2018/w/css/store.css]
[cdn.dominos.co.kr/renewal2018/w/img/img_login_benefits.png]
[cdn.dominos.co.kr/renewal2018/w/css/util.css]
[cdn.dominos.co.kr/renewal2018/w/img/bg/bg_order_end.png]
[cdn.dominos.co.kr/renewal2018/w/img/bg/bg_order_end02.png]
[cdn.dominos.co.kr/renewal2018/w/img/ico/ico_drive_call.png]
[cdn.dominos.co.kr/renewal2018/w/img/img_speech_bubble3.png]
[cdn.dominos.co.kr/renewal2018/w/img/oderend_red.jpg]
[cdn.dominos.co.kr/renewal2018/w/img/ico/ic_info.png]
[cdn.dominos.co.kr/renewal2018/w/css/cart_payment.css]
[cdn.dominos.co.kr/renewal2018/w/css/open_voise.css]
[web.dominos.co.kr/goods/list7148.html]
[auth.mobilians.co.kr/js/ext/ext_inc_comm.js]
[web.dominos.co.kr/member/regKGAuthd761.html]
[web.dominos.co.kr/member/regKGAuth3415.html]
[web.dominos.co.kr/member/regKGAuth08fe.html]
[web.dominos.co.kr/resources/images/datepiker/animated-overlay.html]
[web.dominos.co.kr/resources/images/datepiker/ui-bg_glass_75_dadada_1x400.html]
[web.dominos.co.kr/resources/images/datepiker/ui-bg_glass_95_fef1ec_1x400.html]
[web.dominos.co.kr/resources/images/datepiker/ui-icons_888888_256x240.html]
[web.dominos.co.kr/resources/images/datepiker/ui-icons_454545_256x240.html]
[web.dominos.co.kr/resources/images/datepiker/ui-icons_2e83ff_256x240.html]
[web.dominos.co.kr/resources/images/datepiker/ui-icons_cd0a0a_256x240.html]
[web.dominos.co.kr/resources/images/datepiker/ui-bg_flat_0_aaaaaa_40x100.html]
[web.dominos.co.kr/event/partyCarView.html]
[cdn.dominos.co.kr/renewal2018/w/img/img_year20_hope.png]
[cdn.dominos.co.kr/renewal2016/ko/w/img/lst_year20_hope_01.jpg]
[cdn.dominos.co.kr/renewal2016/ko/w/img/lst_year20_hope_02.jpg]
[cdn.dominos.co.kr/renewal2016/ko/w/img/lst_year20_hope_03.jpg]
[cdn.dominos.co.kr/renewal2016/ko/w/img/lst_year20_hope_04.jpg]
[cdn.dominos.co.kr/renewal2016/ko/w/img/lst_year20_hope_05.jpg]
[cdn.dominos.co.kr/renewal2016/ko/w/img/lst_year20_hope_06.jpg]
[cdn.dominos.co.kr/renewal2016/ko/w/img/lst_year20_hope_07.jpg]
[cdn.dominos.co.kr/renewal2016/ko/w/img/lst_year20_hope_08.jpg]
[cdn.dominos.co.kr/renewal2016/ko/w/img/lst_year20_hope_09.jpg]
[cdn.dominos.co.kr/renewal2016/ko/w/img/lst_year20_hope_10.jpg]
[cdn.dominos.co.kr/renewal2016/ko/w/img/lst_year20_hope_11.jpg]
[cdn.dominos.co.kr/renewal2016/ko/w/img/lst_year20_hope_12.jpg]
[cdn.dominos.co.kr/renewal2016/ko/w/img/lst_year20_hope_14.jpg]
[cdn.dominos.co.kr/renewal2016/ko/w/img/lst_year20_hope_15.jpg]
[cdn.dominos.co.kr/renewal2016/ko/w/img/lst_year20_hope_13.jpg]
[cdn.dominos.co.kr/renewal2016/ko/w/img/lst_year20_hope_16.jpg]
[cdn.dominos.co.kr/renewal2016/ko/w/img/lst_year20_hope_17.jpg]
[cdn.dominos.co.kr/renewal2016/ko/w/img/lst_year20_hope_18.jpg]
[cdn.dominos.co.kr/renewal2016/ko/w/img/lst_year20_hope_19.jpg]
[cdn.dominos.co.kr/renewal2016/ko/w/img/lst_year20_hope_20.jpg]
[web.dominos.co.kr/company/societyList5fdf.html]
[web.dominos.co.kr/global/login3407.html]
[web.dominos.co.kr/goods/listcded.html]
[web.dominos.co.kr/goods/detail4eee.html]
[web.dominos.co.kr/goods/liste605.html]
[web.dominos.co.kr/goods/detail872c.html]
[web.dominos.co.kr/goods/listae93.html]
[web.dominos.co.kr/goods/detailf754.html]
[web.dominos.co.kr/goods/liste214.html]
[web.dominos.co.kr/goods/detail1cfc.html]
[web.dominos.co.kr/goods/list4fd2.html]
[web.dominos.co.kr/goods/detaild1f5.html]
[web.dominos.co.kr/goods/listaab4.html]
[web.dominos.co.kr/goods/detail47de.html]
[web.dominos.co.kr/goods/listfc7a.html]
[cdn.dominos.co.kr/admin/upload/goods/20200731_gXpRs3sd.jpg]
[web.dominos.co.kr/goods/detail6c28.html]
[web.dominos.co.kr/goods/listb075.html]
[cdn.dominos.co.kr/admin/upload/goods/20200702_3NodNiqM.jpg]
[web.dominos.co.kr/goods/detail1eaa.html]
[web.dominos.co.kr/goods/list48bd.html]
[cdn.dominos.co.kr/admin/upload/goods/20200508_luRuI7AW.jpg]
[web.dominos.co.kr/goods/detailff82.html]
[web.dominos.co.kr/goods/list2456.html]
[cdn.dominos.co.kr/renewal2018/w/css/jquery_ui.css]
[cdn.dominos.co.kr/renewal2018/w/img/btn/spr_btns.html]
[cdn.dominos.co.kr/renewal2018/w/img/bg/bg_content3.html]
[cdn.dominos.co.kr/renewal2018/w/img/btnLogin.html]
[cdn.dominos.co.kr/renewal2018/w/img/btn/close.html]
[cdn.dominos.co.kr/renewal2018/w/img/btn/open.html]
[web.dominos.co.kr/member/regKGResponse.html]
[devcdn.dominos.co.kr/domino/asset/js/jQueryRotate.js]
[web.dominos.co.kr/goods/list7f0e.html]
[web.dominos.co.kr/goods/listd775.html]
[web.dominos.co.kr/goods/list61c4.html]
[cdn.dominos.co.kr/renewal2018/w/img/btn_cal_prev.html]
[cdn.dominos.co.kr/renewal2018/w/img/btn_cal_next.html]
[cdn.dominos.co.kr/renewal2018/w/img/sp_ico.html]
